// Jest Snapshot v1, https://goo.gl/fbAQLP

exports[`Album component matches its snapshot 1`] = `<ul />`;
