// Jest Snapshot v1, https://goo.gl/fbAQLP

exports[`Lyrics component matches its snapshot 1`] = `
<Fragment>
  <h1 />
  <h2>
    By 
  </h2>
  <p />
</Fragment>
`;
