// Jest Snapshot v1, https://goo.gl/fbAQLP

exports[`Footerz component renders a footer 1`] = `
<Fragment>
  <footer
    className="Footer"
  >
    <p>
      Â© 2020 -  Nick Brimmer ||  Dr. Mellow ||  Aaron Edward Glenn
    </p>
  </footer>
</Fragment>
`;
