// Jest Snapshot v1, https://goo.gl/fbAQLP

exports[`Headerz component renders a header 1`] = `
<Fragment>
  <header
    className="Header"
  >
    <h1>
      Artist Search Application
    </h1>
  </header>
</Fragment>
`;
