// Jest Snapshot v1, https://goo.gl/fbAQLP

exports[`Artists component matches its snapshot 1`] = `<ul />`;
